This file contains any messages produced by compilers while
running configure, to aid debugging if configure makes a mistake.

It was created by Makefile.in configure 1.0, which was
generated by GNU Autoconf 2.72.  Invocation command line was

  $ ./configure

## --------- ##
## Platform. ##
## --------- ##

hostname = panarotta
uname -m = x86_64
uname -r = 6.8.0-1047-nvidia
uname -s = Linux
uname -v = #50-Ubuntu SMP PREEMPT_DYNAMIC Tue Feb 17 17:01:50 UTC 2026

/usr/bin/uname -p = x86_64
/bin/uname -X     = unknown

/bin/arch              = x86_64
/usr/bin/arch -k       = unknown
/usr/convex/getsysinfo = unknown
/usr/bin/hostinfo      = unknown
/bin/machine           = unknown
/usr/bin/oslevel       = unknown
/bin/universe          = unknown

PATH: /usr/local/snort/bin/
PATH: /home/hbeckerbrum/.local/bin/
PATH: /home/hbeckerbrum/.cargo/bin/
PATH: /usr/local/sbin/
PATH: /usr/local/bin/
PATH: /usr/sbin/
PATH: /usr/bin/
PATH: /sbin/
PATH: /bin/
PATH: /usr/games/
PATH: /usr/local/games/
PATH: /snap/bin/
PATH: /opt/mellanox/doca/tools/
PATH: /opt/mellanox/grpc/bin/


## ----------- ##
## Core tests. ##
## ----------- ##

configure:1978: creating ./config.status

## ---------------------- ##
## Running config.status. ##
## ---------------------- ##

This file was extended by Makefile.in config.status 1.0, which was
generated by GNU Autoconf 2.72.  Invocation command line was

  CONFIG_FILES    = 
  CONFIG_HEADERS  = 
  CONFIG_LINKS    = 
  CONFIG_COMMANDS = 
  $ ./config.status 

on panarotta

config.status:747: creating Makefile
config.status:747: creating Makefile.dkms.e1000e
config.status:747: creating Makefile.dkms.igb
config.status:747: creating Makefile.dkms.ixgbe
config.status:747: creating Makefile.dkms.ixgbevf
config.status:747: creating Makefile.dkms.i40e
config.status:747: creating Makefile.dkms.iavf
config.status:747: creating Makefile.dkms.ice
config.status:747: creating dkms.conf.e1000e
config.status:747: creating dkms.conf.igb
config.status:747: creating dkms.conf.ixgbe
config.status:747: creating dkms.conf.ixgbevf
config.status:747: creating dkms.conf.i40e
config.status:747: creating dkms.conf.iavf
config.status:747: creating dkms.conf.ice
config.status:747: creating zc-dkms-mkdeb/debian/control
config.status:747: creating zc-dkms.mkrpm.spec
config.status:747: creating pfring-drivers-zc-dkms/DEBIAN/control
config.status:747: creating pfring-zc-rpm.spec

## ---------------- ##
## Cache variables. ##
## ---------------- ##

ac_cv_env_build_alias_set=
ac_cv_env_build_alias_value=
ac_cv_env_host_alias_set=
ac_cv_env_host_alias_value=
ac_cv_env_target_alias_set=
ac_cv_env_target_alias_value=

## ----------------- ##
## Output variables. ##
## ----------------- ##

AUX_BUILT_MODULE_NAME=''
AUX_DEST_MODULE_LOCATION=''
DEFS='-DPACKAGE_NAME=\"Makefile.in\" -DPACKAGE_TARNAME=\"makefile-in\" -DPACKAGE_VERSION=\"1.0\" -DPACKAGE_STRING=\"Makefile.in\ 1.0\" -DPACKAGE_BUGREPORT=\"\" -DPACKAGE_URL=\"\"'
E1000E='e1000e'
E1000E_VERSION='3.8.7'
ECHO_C=''
ECHO_N='-n'
ECHO_T=''
HAVE_E1000E='y'
HAVE_ICE='y'
I40E='i40e'
I40E_VERSION='2.24.6'
IAVF='iavf'
IAVF_VERSION='4.9.5'
ICE='ice'
ICE_VERSION='2.3.10'
IGB='igb'
IGB_VERSION='5.16.11'
IXGBE='ixgbe'
IXGBEVF='ixgbevf'
IXGBEVF_VERSION='4.18.9'
IXGBE_VERSION='5.19.6'
LIBOBJS=''
LIBS=''
LTLIBOBJS=''
PACKAGE_BUGREPORT=''
PACKAGE_NAME='Makefile.in'
PACKAGE_STRING='Makefile.in 1.0'
PACKAGE_TARNAME='makefile-in'
PACKAGE_URL=''
PACKAGE_VERSION='1.0'
PATH_SEPARATOR=':'
PF_RING_VERSION='9.3.0'
REVISION='1'
SHELL='/bin/bash'
bindir='${exec_prefix}/bin'
build_alias=''
datadir='${datarootdir}'
datarootdir='${prefix}/share'
docdir='${datarootdir}/doc/${PACKAGE_TARNAME}'
dvidir='${docdir}'
exec_prefix='${prefix}'
host_alias=''
htmldir='${docdir}'
includedir='${prefix}/include'
infodir='${datarootdir}/info'
libdir='${exec_prefix}/lib'
libexecdir='${exec_prefix}/libexec'
localedir='${datarootdir}/locale'
localstatedir='${prefix}/var'
mandir='${datarootdir}/man'
oldincludedir='/usr/include'
pdfdir='${docdir}'
prefix='/usr/local'
program_transform_name='s,x,x,'
psdir='${docdir}'
runstatedir='${localstatedir}/run'
sbindir='${exec_prefix}/sbin'
sharedstatedir='${prefix}/com'
sysconfdir='${prefix}/etc'
target_alias=''

## ----------- ##
## confdefs.h. ##
## ----------- ##

/* confdefs.h */
#define PACKAGE_NAME "Makefile.in"
#define PACKAGE_TARNAME "makefile-in"
#define PACKAGE_VERSION "1.0"
#define PACKAGE_STRING "Makefile.in 1.0"
#define PACKAGE_BUGREPORT ""
#define PACKAGE_URL ""

configure: exit 0
