This file contains any messages produced by compilers while
running configure, to aid debugging if configure makes a mistake.

It was created by pfring configure 1.0, which was
generated by GNU Autoconf 2.71.  Invocation command line was

  $ ./configure

## --------- ##
## Platform. ##
## --------- ##

hostname = panarotta
uname -m = x86_64
uname -r = 6.8.0-1047-nvidia
uname -s = Linux
uname -v = #50-Ubuntu SMP PREEMPT_DYNAMIC Tue Feb 17 17:01:50 UTC 2026

/usr/bin/uname -p = x86_64
/bin/uname -X     = unknown

/bin/arch              = x86_64
/usr/bin/arch -k       = unknown
/usr/convex/getsysinfo = unknown
/usr/bin/hostinfo      = unknown
/bin/machine           = unknown
/usr/bin/oslevel       = unknown
/bin/universe          = unknown

PATH: /usr/local/snort/bin/
PATH: /home/hbeckerbrum/.local/bin/
PATH: /home/hbeckerbrum/.cargo/bin/
PATH: /usr/local/sbin/
PATH: /usr/local/bin/
PATH: /usr/sbin/
PATH: /usr/bin/
PATH: /sbin/
PATH: /bin/
PATH: /usr/games/
PATH: /usr/local/games/
PATH: /snap/bin/
PATH: /opt/mellanox/doca/tools/
PATH: /opt/mellanox/grpc/bin/


## ----------- ##
## Core tests. ##
## ----------- ##

configure:2391: checking for gcc
configure:2412: found /usr/bin/gcc
configure:2423: result: gcc
configure:2776: checking for C compiler version
configure:2785: gcc --version >&5
gcc (Ubuntu 13.3.0-6ubuntu2~24.04.1) 13.3.0
Copyright (C) 2023 Free Software Foundation, Inc.
This is free software; see the source for copying conditions.  There is NO
warranty; not even for MERCHANTABILITY or FITNESS FOR A PARTICULAR PURPOSE.

configure:2796: $? = 0
configure:2785: gcc -v >&5
Using built-in specs.
COLLECT_GCC=gcc
COLLECT_LTO_WRAPPER=/usr/libexec/gcc/x86_64-linux-gnu/13/lto-wrapper
OFFLOAD_TARGET_NAMES=nvptx-none:amdgcn-amdhsa
OFFLOAD_TARGET_DEFAULT=1
Target: x86_64-linux-gnu
Configured with: ../src/configure -v --with-pkgversion='Ubuntu 13.3.0-6ubuntu2~24.04.1' --with-bugurl=file:///usr/share/doc/gcc-13/README.Bugs --enable-languages=c,ada,c++,go,d,fortran,objc,obj-c++,m2 --prefix=/usr --with-gcc-major-version-only --program-suffix=-13 --program-prefix=x86_64-linux-gnu- --enable-shared --enable-linker-build-id --libexecdir=/usr/libexec --without-included-gettext --enable-threads=posix --libdir=/usr/lib --enable-nls --enable-bootstrap --enable-clocale=gnu --enable-libstdcxx-debug --enable-libstdcxx-time=yes --with-default-libstdcxx-abi=new --enable-libstdcxx-backtrace --enable-gnu-unique-object --disable-vtable-verify --enable-plugin --enable-default-pie --with-system-zlib --enable-libphobos-checking=release --with-target-system-zlib=auto --enable-objc-gc=auto --enable-multiarch --disable-werror --enable-cet --with-arch-32=i686 --with-abi=m64 --with-multilib-list=m32,m64,mx32 --enable-multilib --with-tune=generic --enable-offload-targets=nvptx-none=/build/gcc-13-EldibY/gcc-13-13.3.0/debian/tmp-nvptx/usr,amdgcn-amdhsa=/build/gcc-13-EldibY/gcc-13-13.3.0/debian/tmp-gcn/usr --enable-offload-defaulted --without-cuda-driver --enable-checking=release --build=x86_64-linux-gnu --host=x86_64-linux-gnu --target=x86_64-linux-gnu --with-build-config=bootstrap-lto-lean --enable-link-serialization=2
Thread model: posix
Supported LTO compression algorithms: zlib zstd
gcc version 13.3.0 (Ubuntu 13.3.0-6ubuntu2~24.04.1) 
... rest of stderr output deleted ...
configure:2796: $? = 0
configure:2785: gcc -V >&5
gcc: error: unrecognized command-line option '-V'
gcc: fatal error: no input files
compilation terminated.
configure:2796: $? = 1
configure:2785: gcc -qversion >&5
gcc: error: unrecognized command-line option '-qversion'; did you mean '--version'?
gcc: fatal error: no input files
compilation terminated.
configure:2796: $? = 1
configure:2785: gcc -version >&5
gcc: error: unrecognized command-line option '-version'
gcc: fatal error: no input files
compilation terminated.
configure:2796: $? = 1
configure:2816: checking whether the C compiler works
configure:2838: gcc    conftest.c  >&5
configure:2842: $? = 0
configure:2892: result: yes
configure:2895: checking for C compiler default output file name
configure:2897: result: a.out
configure:2903: checking for suffix of executables
configure:2910: gcc -o conftest    conftest.c  >&5
configure:2914: $? = 0
configure:2937: result: 
configure:2959: checking whether we are cross compiling
configure:2967: gcc -o conftest    conftest.c  >&5
configure:2971: $? = 0
configure:2978: ./conftest
configure:2982: $? = 0
configure:2997: result: no
configure:3002: checking for suffix of object files
configure:3025: gcc -c   conftest.c >&5
configure:3029: $? = 0
configure:3051: result: o
configure:3055: checking whether the compiler supports GNU C
configure:3075: gcc -c   conftest.c >&5
configure:3075: $? = 0
configure:3085: result: yes
configure:3096: checking whether gcc accepts -g
configure:3117: gcc -c -g  conftest.c >&5
configure:3117: $? = 0
configure:3161: result: yes
configure:3181: checking for gcc option to enable C11 features
configure:3196: gcc  -c -g -O2  conftest.c >&5
configure:3196: $? = 0
configure:3214: result: none needed
configure:3332: checking for stdio.h
configure:3332: gcc -c -g -O2  conftest.c >&5
configure:3332: $? = 0
configure:3332: result: yes
configure:3332: checking for stdlib.h
configure:3332: gcc -c -g -O2  conftest.c >&5
configure:3332: $? = 0
configure:3332: result: yes
configure:3332: checking for string.h
configure:3332: gcc -c -g -O2  conftest.c >&5
configure:3332: $? = 0
configure:3332: result: yes
configure:3332: checking for inttypes.h
configure:3332: gcc -c -g -O2  conftest.c >&5
configure:3332: $? = 0
configure:3332: result: yes
configure:3332: checking for stdint.h
configure:3332: gcc -c -g -O2  conftest.c >&5
configure:3332: $? = 0
configure:3332: result: yes
configure:3332: checking for strings.h
configure:3332: gcc -c -g -O2  conftest.c >&5
configure:3332: $? = 0
configure:3332: result: yes
configure:3332: checking for sys/stat.h
configure:3332: gcc -c -g -O2  conftest.c >&5
configure:3332: $? = 0
configure:3332: result: yes
configure:3332: checking for sys/types.h
configure:3332: gcc -c -g -O2  conftest.c >&5
configure:3332: $? = 0
configure:3332: result: yes
configure:3332: checking for unistd.h
configure:3332: gcc -c -g -O2  conftest.c >&5
configure:3332: $? = 0
configure:3332: result: yes
configure:3357: checking for linux/net_tstamp.h
configure:3357: gcc -c -g -O2  conftest.c >&5
configure:3357: $? = 0
configure:3357: result: yes
configure:3363: checking for librdi.h
configure:3363: gcc -c -g -O2  conftest.c >&5
conftest.c:48:10: fatal error: librdi.h: No such file or directory
   48 | #include <librdi.h>
      |          ^~~~~~~~~~
compilation terminated.
configure:3363: $? = 1
configure: failed program was:
| /* confdefs.h */
| #define PACKAGE_NAME "pfring"
| #define PACKAGE_TARNAME "pfring"
| #define PACKAGE_VERSION "1.0"
| #define PACKAGE_STRING "pfring 1.0"
| #define PACKAGE_BUGREPORT ""
| #define PACKAGE_URL ""
| #define HAVE_STDIO_H 1
| #define HAVE_STDLIB_H 1
| #define HAVE_STRING_H 1
| #define HAVE_INTTYPES_H 1
| #define HAVE_STDINT_H 1
| #define HAVE_STRINGS_H 1
| #define HAVE_SYS_STAT_H 1
| #define HAVE_SYS_TYPES_H 1
| #define HAVE_UNISTD_H 1
| #define STDC_HEADERS 1
| #define HAVE_LINUX_NET_TSTAMP_H 1
| /* end confdefs.h.  */
| #include <stddef.h>
| #ifdef HAVE_STDIO_H
| # include <stdio.h>
| #endif
| #ifdef HAVE_STDLIB_H
| # include <stdlib.h>
| #endif
| #ifdef HAVE_STRING_H
| # include <string.h>
| #endif
| #ifdef HAVE_INTTYPES_H
| # include <inttypes.h>
| #endif
| #ifdef HAVE_STDINT_H
| # include <stdint.h>
| #endif
| #ifdef HAVE_STRINGS_H
| # include <strings.h>
| #endif
| #ifdef HAVE_SYS_TYPES_H
| # include <sys/types.h>
| #endif
| #ifdef HAVE_SYS_STAT_H
| # include <sys/stat.h>
| #endif
| #ifdef HAVE_UNISTD_H
| # include <unistd.h>
| #endif
| #include <librdi.h>
configure:3363: result: no
configure:3473: checking for hiredis/hiredis.h
configure:3473: gcc -c -O2   conftest.c >&5
conftest.c:48:10: fatal error: hiredis/hiredis.h: No such file or directory
   48 | #include <hiredis/hiredis.h>
      |          ^~~~~~~~~~~~~~~~~~~
compilation terminated.
configure:3473: $? = 1
configure: failed program was:
| /* confdefs.h */
| #define PACKAGE_NAME "pfring"
| #define PACKAGE_TARNAME "pfring"
| #define PACKAGE_VERSION "1.0"
| #define PACKAGE_STRING "pfring 1.0"
| #define PACKAGE_BUGREPORT ""
| #define PACKAGE_URL ""
| #define HAVE_STDIO_H 1
| #define HAVE_STDLIB_H 1
| #define HAVE_STRING_H 1
| #define HAVE_INTTYPES_H 1
| #define HAVE_STDINT_H 1
| #define HAVE_STRINGS_H 1
| #define HAVE_SYS_STAT_H 1
| #define HAVE_SYS_TYPES_H 1
| #define HAVE_UNISTD_H 1
| #define STDC_HEADERS 1
| #define HAVE_LINUX_NET_TSTAMP_H 1
| /* end confdefs.h.  */
| #include <stddef.h>
| #ifdef HAVE_STDIO_H
| # include <stdio.h>
| #endif
| #ifdef HAVE_STDLIB_H
| # include <stdlib.h>
| #endif
| #ifdef HAVE_STRING_H
| # include <string.h>
| #endif
| #ifdef HAVE_INTTYPES_H
| # include <inttypes.h>
| #endif
| #ifdef HAVE_STDINT_H
| # include <stdint.h>
| #endif
| #ifdef HAVE_STRINGS_H
| # include <strings.h>
| #endif
| #ifdef HAVE_SYS_TYPES_H
| # include <sys/types.h>
| #endif
| #ifdef HAVE_SYS_STAT_H
| # include <sys/stat.h>
| #endif
| #ifdef HAVE_UNISTD_H
| # include <unistd.h>
| #endif
| #include <hiredis/hiredis.h>
configure:3473: result: no
configure:3541: checking for clock_gettime in -lrt
configure:3564: gcc -o conftest -O2    conftest.c -lrt   >&5
configure:3564: $? = 0
configure:3574: result: yes
configure:3581: checking for nl_handle_alloc in -lnl
configure:3604: gcc -o conftest -O2    conftest.c -lnl   >&5
/usr/bin/ld: cannot find -lnl: No such file or directory
collect2: error: ld returned 1 exit status
configure:3604: $? = 1
configure: failed program was:
| /* confdefs.h */
| #define PACKAGE_NAME "pfring"
| #define PACKAGE_TARNAME "pfring"
| #define PACKAGE_VERSION "1.0"
| #define PACKAGE_STRING "pfring 1.0"
| #define PACKAGE_BUGREPORT ""
| #define PACKAGE_URL ""
| #define HAVE_STDIO_H 1
| #define HAVE_STDLIB_H 1
| #define HAVE_STRING_H 1
| #define HAVE_INTTYPES_H 1
| #define HAVE_STDINT_H 1
| #define HAVE_STRINGS_H 1
| #define HAVE_SYS_STAT_H 1
| #define HAVE_SYS_TYPES_H 1
| #define HAVE_UNISTD_H 1
| #define STDC_HEADERS 1
| #define HAVE_LINUX_NET_TSTAMP_H 1
| /* end confdefs.h.  */
| 
| /* Override any GCC internal prototype to avoid an error.
|    Use char because int might match the return type of a GCC
|    builtin and then its argument prototype would still apply.  */
| char nl_handle_alloc ();
| int
| main (void)
| {
| return nl_handle_alloc ();
|   ;
|   return 0;
| }
configure:3614: result: no
configure:3621: checking for dlopen, dlsym in -ldl
configure:3644: gcc -o conftest -O2    conftest.c -ldl   >&5
configure:3644: $? = 0
configure:3654: result: yes
configure:3706: checking for nl_socket_alloc in -lnl-3
configure:3729: gcc -o conftest -O2    conftest.c -lnl-3   >&5
configure:3729: $? = 0
configure:3739: result: yes
configure:3747: checking for genl_connect in -lnl-genl-3
configure:3770: gcc -o conftest -O2    conftest.c -lnl-genl-3   >&5
configure:3770: $? = 0
configure:3780: result: yes
configure:3796: checking for pthread_setaffinity_np in -lpthread
configure:3819: gcc -o conftest -O2    conftest.c -lpthread   >&5
configure:3819: $? = 0
configure:3829: result: yes
configure:3841: checking PF_RING ZC support
configure:3849: result: yes
configure:3893: checking PF_RING FT support
configure:3901: result: yes
configure:3927: checking PF_RING NPCAP support
configure:3935: result: yes
configure:3943: checking if r/w locks are supported
configure:3964: gcc -o conftest -O2    conftest.c  >&5
configure:3964: $? = 0
configure:3964: ./conftest
configure:3964: $? = 0
configure:3966: result: yes
configure:4014: checking Mellanox support (x64 and aarch64)
configure:4025: result: yes
configure:4056: checking PF_RING AF_XDP support
configure:4068: result: no
configure:4378: creating ./config.status

## ---------------------- ##
## Running config.status. ##
## ---------------------- ##

This file was extended by pfring config.status 1.0, which was
generated by GNU Autoconf 2.71.  Invocation command line was

  CONFIG_FILES    = 
  CONFIG_HEADERS  = 
  CONFIG_LINKS    = 
  CONFIG_COMMANDS = 
  $ ./config.status 

on panarotta

config.status:853: creating lib/Makefile
config.status:853: creating lib/pfring_config
config.status:853: creating examples/Makefile
config.status:853: creating examples_zc/Makefile
config.status:853: creating examples_ft/Makefile
config.status:853: creating c++/Makefile
config.status:853: creating nbpf/Makefile
config.status:853: creating wireshark/extcap/Makefile
config.status:853: creating lib/config.h
config.status:1023: lib/config.h is unchanged

## ---------------- ##
## Cache variables. ##
## ---------------- ##

ac_cv_c_compiler_gnu=yes
ac_cv_env_CC_set=
ac_cv_env_CC_value=
ac_cv_env_CFLAGS_set=
ac_cv_env_CFLAGS_value=
ac_cv_env_CPPFLAGS_set=
ac_cv_env_CPPFLAGS_value=
ac_cv_env_LDFLAGS_set=
ac_cv_env_LDFLAGS_value=
ac_cv_env_LIBS_set=
ac_cv_env_LIBS_value=
ac_cv_env_build_alias_set=
ac_cv_env_build_alias_value=
ac_cv_env_host_alias_set=
ac_cv_env_host_alias_value=
ac_cv_env_target_alias_set=
ac_cv_env_target_alias_value=
ac_cv_header_hiredis_hiredis_h=no
ac_cv_header_inttypes_h=yes
ac_cv_header_librdi_h=no
ac_cv_header_linux_net_tstamp_h=yes
ac_cv_header_stdint_h=yes
ac_cv_header_stdio_h=yes
ac_cv_header_stdlib_h=yes
ac_cv_header_string_h=yes
ac_cv_header_strings_h=yes
ac_cv_header_sys_stat_h=yes
ac_cv_header_sys_types_h=yes
ac_cv_header_unistd_h=yes
ac_cv_lib_dl_dlopen__dlsym=yes
ac_cv_lib_nl_3_nl_socket_alloc=yes
ac_cv_lib_nl_genl_3_genl_connect=yes
ac_cv_lib_nl_nl_handle_alloc=no
ac_cv_lib_pthread_pthread_setaffinity_np=yes
ac_cv_lib_rt_clock_gettime=yes
ac_cv_objext=o
ac_cv_prog_ac_ct_CC=gcc
ac_cv_prog_cc_c11=
ac_cv_prog_cc_g=yes
ac_cv_prog_cc_stdc=

## ----------------- ##
## Output variables. ##
## ----------------- ##

AF_XDP_DEP=''
AF_XDP_LIB=''
AF_XDP_OBJS=''
AR_X='ar x'
BPF_INCLUDE='-I../libpcap-1.10.1'
CC='gcc'
CFLAGS='-O2 '
CPPFLAGS=''
DEFS='-DHAVE_CONFIG_H'
ECHO_C=''
ECHO_N='-n'
ECHO_T=''
EXEEXT=''
FIBERBLAZE_DEP='extract_fiberblaze_lib'
FIBERBLAZE_LIB='-lm -ldl'
FIBERBLAZE_OBJS='pfring_mod_fiberblaze.o '
HAVE_AF_XDP=''
HAVE_BPF='-D ENABLE_BPF'
HAVE_DL_REDIS=''
HAVE_FIBERBLAZE='-D HAVE_FIBERBLAZE'
HAVE_HW_TIMESTAMP='-D ENABLE_HW_TIMESTAMP'
HAVE_HYPERSCAN=''
HAVE_MLX='-D HAVE_MLX'
HAVE_NDPI=''
HAVE_NPCAP='-D HAVE_NPCAP'
HAVE_NT='-D HAVE_NT'
HAVE_PF_RING_FT='-D HAVE_PF_RING_FT'
HAVE_PF_RING_ZC='-D HAVE_PF_RING_ZC'
HAVE_REDIS=''
HAVE_ZMQ=''
LDFLAGS=''
LIBOBJS=''
LIBPCAP_VER='1.10.1'
LIBS=''
LTLIBOBJS=''
MAJOR_VER='9'
MLX_DEP='extract_mlx_lib'
MLX_LIB=''
MLX_OBJS='pfring_mod_mlx.o '
MOD_FIBERBLAZE_LIB='libs/libpfring_fiberblaze_x86_64.a'
MOD_MLX_LIB='libs/libpfring_mlx_x86_64.a'
MOD_NT_LIB='libs/libpfring_nt_x86_64.a'
NBPF_EXTRA_TARGETS='nbpftest'
NDPI_INC=''
NDPI_LIB=''
NPCAP_DEP='extract_npcap_lib'
NPCAP_H='npcap.h'
NPCAP_LIB='libs/libnpcap_x86_64.a'
NPCAP_OBJS='pfring_mod_timeline.o npcap_extract.o index_match.o npcap_utils.o npcap_compression.o npcap_index.o npcap_timeline.o npcap_storage.o npcap_notify.o npcap_hash_filter.o lzf_c.o lzf_d.o '
NT_DEP='extract_nt_lib'
NT_OBJS='pfring_mod_nt.o '
OBJEXT='o'
PACKAGE_BUGREPORT=''
PACKAGE_NAME='pfring'
PACKAGE_STRING='pfring 1.0'
PACKAGE_TARNAME='pfring'
PACKAGE_URL=''
PACKAGE_VERSION='1.0'
PATH_SEPARATOR=':'
PF_RING_FT_DEP='extract_pfring_ft_lib'
PF_RING_FT_H='pfring_ft.h'
PF_RING_FT_LIB='libs/libpfring_ft_x86_64_dl.a'
PF_RING_FT_OBJS='pfring_ft_flow.o pfring_ft_hash.o pfring_ft_list.o pfring_ft_dpi.o pfring_ft_utils.o pfring_ft_table.o pfring_ft_fragment_hash.o pfring_ft_export.o pfring_ft_zmq.o '
PF_RING_ZC_DEP='extract_pfring_zc_lib'
PF_RING_ZC_H='pfring_zc.h'
PF_RING_ZC_LIB='libs/libpfring_zc_x86_64.a'
PF_RING_ZC_OBJS='pfring_zc_dev_e1000.o pfring_zc_dev_e1000e.o pfring_zc_dev_ixgbe.o pfring_zc_dev_ixgbevf.o pfring_zc_dev_igb.o pfring_zc_dev_i40e.o pfring_zc_dev_iavf.o pfring_zc_dev_ice.o pfring_zc_dev_rss.o pfring_zc_dev_sal.o pfring_mod_zc.o pfring_mod_zc_dev.o pfring_mod_zc_spsc.o pfring_zc_cluster.o pfring_zc_mm.o uio_lib.o hugetlb_lib.o numa_lib.o pfring_zc_kvm.o pfring_zc_kvm_utils.o silicom_ts_card.o '
REDIS_LIB=''
SHELL='/bin/bash'
SYSLIBS=' -lrt -ldl -lnl-genl-3 -lnl-3'
VER='9.3.0'
ZMQ_LIB=''
ac_ct_CC='gcc'
bindir='${exec_prefix}/bin'
build_alias=''
datadir='${datarootdir}'
datarootdir='${prefix}/share'
docdir='${datarootdir}/doc/${PACKAGE_TARNAME}'
dvidir='${docdir}'
exec_prefix='${prefix}'
host_alias=''
htmldir='${docdir}'
includedir='${prefix}/include'
infodir='${datarootdir}/info'
libdir='${exec_prefix}/lib'
libexecdir='${exec_prefix}/libexec'
localedir='${datarootdir}/locale'
localstatedir='${prefix}/var'
mandir='${datarootdir}/man'
oldincludedir='/usr/include'
pdfdir='${docdir}'
prefix='/usr/local'
program_transform_name='s,x,x,'
psdir='${docdir}'
runstatedir='${localstatedir}/run'
sbindir='${exec_prefix}/sbin'
sharedstatedir='${prefix}/com'
sysconfdir='${prefix}/etc'
target_alias=''

## ----------- ##
## confdefs.h. ##
## ----------- ##

/* confdefs.h */
#define PACKAGE_NAME "pfring"
#define PACKAGE_TARNAME "pfring"
#define PACKAGE_VERSION "1.0"
#define PACKAGE_STRING "pfring 1.0"
#define PACKAGE_BUGREPORT ""
#define PACKAGE_URL ""
#define HAVE_STDIO_H 1
#define HAVE_STDLIB_H 1
#define HAVE_STRING_H 1
#define HAVE_INTTYPES_H 1
#define HAVE_STDINT_H 1
#define HAVE_STRINGS_H 1
#define HAVE_SYS_STAT_H 1
#define HAVE_SYS_TYPES_H 1
#define HAVE_UNISTD_H 1
#define STDC_HEADERS 1
#define HAVE_LINUX_NET_TSTAMP_H 1
#define HAVE_PTHREAD_SETAFFINITY_NP 1
#define HAVE_RW_LOCK 1

configure: exit 0
